// Jest Snapshot v1, https://goo.gl/fbAQLP

exports[`App should match the snapshot 1`] = `
"<div className=\\"App\\">
  <header>
    <h1>
      Notez!
    </h1>
  </header>
  <Switch>
    <Route exact={true} path=\\"/\\" component={[Function: Connect]} />
    <Route exact={true} path=\\"/new-note\\" component={[Function: Connect]} />
    <Route component={[Function: BadPath]} />
  </Switch>
</div>"
`;

exports[`App should match the snapshot if loading is true 1`] = `
"<div className=\\"App\\">
  <header>
    <h1>
      Notez!
    </h1>
  </header>
  <Switch>
    <Route exact={true} path=\\"/\\" component={[Function: Connect]} />
    <Route exact={true} path=\\"/new-note\\" component={[Function: Connect]} />
    <Route component={[Function: BadPath]} />
  </Switch>
</div>"
`;
