// Jest Snapshot v1, https://goo.gl/fbAQLP

exports[`CardContainer should match the snapshot 1`] = `
"<div>
  <Connect(Card) id=\\"1\\" title=\\"Kim\\\\'s list\\" listItems={{...}} />
  <Connect(Card) id=\\"2\\" title=\\"Josh\\\\'s list\\" listItems={{...}} />
  <Connect(Card) id=\\"3\\" title=\\"JT\\\\'s list\\" listItems={{...}} />
</div>"
`;
