// Jest Snapshot v1, https://goo.gl/fbAQLP

exports[`deleteNote should match snapshot 1`] = `
"<div className=\\"Card\\">
  <h3 className=\\"note-title\\">
    mockTitle
  </h3>
  <div className=\\"note-list\\">
    <li className=\\"list-items\\" style={{...}}>
      <input className=\\"checkbox\\" type=\\"checkbox\\" onChange={[Function]} id=\\"1\\" />
    </li>
    <button onClick={[Function: onClick]} id=\\"1\\" className=\\"list-item-delete-button\\">
      x
    </button>
  </div>
  <div className=\\"note-list\\">
    <li className=\\"list-items\\" style={{...}}>
      <input className=\\"checkbox\\" type=\\"checkbox\\" onChange={[Function]} id=\\"2\\" />
    </li>
    <button onClick={[Function: onClick]} id=\\"2\\" className=\\"list-item-delete-button\\">
      x
    </button>
  </div>
  <div className=\\"note-delete-button-wrapper\\">
    <button className=\\"note-delete-button\\" onClick={[Function]} value=\\"1\\">
      DELETE NOTE
    </button>
  </div>
</div>"
`;
